ipex flag is deprecated, will be removed in Accelerate v1.10. From 2.7.0, PyTorch has all needed optimizations for Intel CPU and XPU.
The following values were not passed to `accelerate launch` and had defaults used instead:
		More than one GPU was found, enabling multi-GPU training.
		If this was unintended please pass in `--num_processes=1`.
To avoid this warning pass in values for each of the problematic parameters or run `accelerate config`.
ipex flag is deprecated, will be removed in Accelerate v1.10. From 2.7.0, PyTorch has all needed optimizations for Intel CPU and XPU.
The following values were not passed to `accelerate launch` and had defaults used instead:
		More than one GPU was found, enabling multi-GPU training.
		If this was unintended please pass in `--num_processes=1`.
To avoid this warning pass in values for each of the problematic parameters or run `accelerate config`.
ipex flag is deprecated, will be removed in Accelerate v1.10. From 2.7.0, PyTorch has all needed optimizations for Intel CPU and XPU.
The following values were not passed to `accelerate launch` and had defaults used instead:
		More than one GPU was found, enabling multi-GPU training.
		If this was unintended please pass in `--num_processes=1`.
To avoid this warning pass in values for each of the problematic parameters or run `accelerate config`.
ipex flag is deprecated, will be removed in Accelerate v1.10. From 2.7.0, PyTorch has all needed optimizations for Intel CPU and XPU.
The following values were not passed to `accelerate launch` and had defaults used instead:
		More than one GPU was found, enabling multi-GPU training.
		If this was unintended please pass in `--num_processes=1`.
To avoid this warning pass in values for each of the problematic parameters or run `accelerate config`.
/mnt/petrelfs/zhangtengfei/anaconda3/envs/CT_CLIP_CXRCT_124/lib/python3.9/site-packages/vector_quantize_pytorch/vector_quantize_pytorch.py:261: FutureWarning: `torch.cuda.amp.autocast(args...)` is deprecated. Please use `torch.amp.autocast('cuda', args...)` instead.
  @autocast(enabled = False)
/mnt/petrelfs/zhangtengfei/anaconda3/envs/CT_CLIP_CXRCT_124/lib/python3.9/site-packages/vector_quantize_pytorch/vector_quantize_pytorch.py:391: FutureWarning: `torch.cuda.amp.autocast(args...)` is deprecated. Please use `torch.amp.autocast('cuda', args...)` instead.
  @autocast(enabled = False)
/mnt/petrelfs/zhangtengfei/anaconda3/envs/CT_CLIP_CXRCT_124/lib/python3.9/site-packages/vector_quantize_pytorch/vector_quantize_pytorch.py:261: FutureWarning: `torch.cuda.amp.autocast(args...)` is deprecated. Please use `torch.amp.autocast('cuda', args...)` instead.
  @autocast(enabled = False)
/mnt/petrelfs/zhangtengfei/anaconda3/envs/CT_CLIP_CXRCT_124/lib/python3.9/site-packages/vector_quantize_pytorch/vector_quantize_pytorch.py:391: FutureWarning: `torch.cuda.amp.autocast(args...)` is deprecated. Please use `torch.amp.autocast('cuda', args...)` instead.
  @autocast(enabled = False)
/mnt/petrelfs/zhangtengfei/anaconda3/envs/CT_CLIP_CXRCT_124/lib/python3.9/site-packages/vector_quantize_pytorch/vector_quantize_pytorch.py:261: FutureWarning: `torch.cuda.amp.autocast(args...)` is deprecated. Please use `torch.amp.autocast('cuda', args...)` instead.
  @autocast(enabled = False)
/mnt/petrelfs/zhangtengfei/anaconda3/envs/CT_CLIP_CXRCT_124/lib/python3.9/site-packages/vector_quantize_pytorch/vector_quantize_pytorch.py:391: FutureWarning: `torch.cuda.amp.autocast(args...)` is deprecated. Please use `torch.amp.autocast('cuda', args...)` instead.
  @autocast(enabled = False)
Traceback (most recent call last):
  File "/mnt/petrelfs/zhangtengfei/RadIR/CT-CLIP/CT-Conditional-Image-Retrieval-CXR_CT/scripts/run_train_CXR_CT.py", line 13, in <module>
Traceback (most recent call last):
  File "/mnt/petrelfs/zhangtengfei/RadIR/CT-CLIP/CT-Conditional-Image-Retrieval-CXR_CT/scripts/run_train_CXR_CT.py", line 13, in <module>
    from CTCLIPTrainer_CXR_CT import CTClipTrainer
  File "/mnt/petrelfs/zhangtengfei/RadIR/CT-CLIP/CT-Conditional-Image-Retrieval-CXR_CT/scripts/CTCLIPTrainer_CXR_CT.py", line 7, in <module>
    from CTCLIPTrainer_CXR_CT import CTClipTrainer
  File "/mnt/petrelfs/zhangtengfei/RadIR/CT-CLIP/CT-Conditional-Image-Retrieval-CXR_CT/scripts/CTCLIPTrainer_CXR_CT.py", line 7, in <module>
    import pynvml
ModuleNotFoundError: No module named 'pynvml'
    import pynvml
ModuleNotFoundError: No module named 'pynvml'
/mnt/petrelfs/zhangtengfei/anaconda3/envs/CT_CLIP_CXRCT_124/lib/python3.9/site-packages/vector_quantize_pytorch/vector_quantize_pytorch.py:261: FutureWarning: `torch.cuda.amp.autocast(args...)` is deprecated. Please use `torch.amp.autocast('cuda', args...)` instead.
  @autocast(enabled = False)
/mnt/petrelfs/zhangtengfei/anaconda3/envs/CT_CLIP_CXRCT_124/lib/python3.9/site-packages/vector_quantize_pytorch/vector_quantize_pytorch.py:391: FutureWarning: `torch.cuda.amp.autocast(args...)` is deprecated. Please use `torch.amp.autocast('cuda', args...)` instead.
  @autocast(enabled = False)
/mnt/petrelfs/zhangtengfei/anaconda3/envs/CT_CLIP_CXRCT_124/lib/python3.9/site-packages/vector_quantize_pytorch/vector_quantize_pytorch.py:261: FutureWarning: `torch.cuda.amp.autocast(args...)` is deprecated. Please use `torch.amp.autocast('cuda', args...)` instead.
  @autocast(enabled = False)
/mnt/petrelfs/zhangtengfei/anaconda3/envs/CT_CLIP_CXRCT_124/lib/python3.9/site-packages/vector_quantize_pytorch/vector_quantize_pytorch.py:391: FutureWarning: `torch.cuda.amp.autocast(args...)` is deprecated. Please use `torch.amp.autocast('cuda', args...)` instead.
  @autocast(enabled = False)
/mnt/petrelfs/zhangtengfei/anaconda3/envs/CT_CLIP_CXRCT_124/lib/python3.9/site-packages/vector_quantize_pytorch/vector_quantize_pytorch.py:261: FutureWarning: `torch.cuda.amp.autocast(args...)` is deprecated. Please use `torch.amp.autocast('cuda', args...)` instead.
  @autocast(enabled = False)
/mnt/petrelfs/zhangtengfei/anaconda3/envs/CT_CLIP_CXRCT_124/lib/python3.9/site-packages/vector_quantize_pytorch/vector_quantize_pytorch.py:391: FutureWarning: `torch.cuda.amp.autocast(args...)` is deprecated. Please use `torch.amp.autocast('cuda', args...)` instead.
  @autocast(enabled = False)
/mnt/petrelfs/zhangtengfei/anaconda3/envs/CT_CLIP_CXRCT_124/lib/python3.9/site-packages/vector_quantize_pytorch/vector_quantize_pytorch.py:261: FutureWarning: `torch.cuda.amp.autocast(args...)` is deprecated. Please use `torch.amp.autocast('cuda', args...)` instead.
  @autocast(enabled = False)
/mnt/petrelfs/zhangtengfei/anaconda3/envs/CT_CLIP_CXRCT_124/lib/python3.9/site-packages/vector_quantize_pytorch/vector_quantize_pytorch.py:391: FutureWarning: `torch.cuda.amp.autocast(args...)` is deprecated. Please use `torch.amp.autocast('cuda', args...)` instead.
  @autocast(enabled = False)
/mnt/petrelfs/zhangtengfei/anaconda3/envs/CT_CLIP_CXRCT_124/lib/python3.9/site-packages/vector_quantize_pytorch/vector_quantize_pytorch.py:261: FutureWarning: `torch.cuda.amp.autocast(args...)` is deprecated. Please use `torch.amp.autocast('cuda', args...)` instead.
  @autocast(enabled = False)
/mnt/petrelfs/zhangtengfei/anaconda3/envs/CT_CLIP_CXRCT_124/lib/python3.9/site-packages/vector_quantize_pytorch/vector_quantize_pytorch.py:391: FutureWarning: `torch.cuda.amp.autocast(args...)` is deprecated. Please use `torch.amp.autocast('cuda', args...)` instead.
  @autocast(enabled = False)
/mnt/petrelfs/zhangtengfei/anaconda3/envs/CT_CLIP_CXRCT_124/lib/python3.9/site-packages/vector_quantize_pytorch/vector_quantize_pytorch.py:261: FutureWarning: `torch.cuda.amp.autocast(args...)` is deprecated. Please use `torch.amp.autocast('cuda', args...)` instead.
  @autocast(enabled = False)
/mnt/petrelfs/zhangtengfei/anaconda3/envs/CT_CLIP_CXRCT_124/lib/python3.9/site-packages/vector_quantize_pytorch/vector_quantize_pytorch.py:391: FutureWarning: `torch.cuda.amp.autocast(args...)` is deprecated. Please use `torch.amp.autocast('cuda', args...)` instead.
  @autocast(enabled = False)
/mnt/petrelfs/zhangtengfei/anaconda3/envs/CT_CLIP_CXRCT_124/lib/python3.9/site-packages/vector_quantize_pytorch/vector_quantize_pytorch.py:261: FutureWarning: `torch.cuda.amp.autocast(args...)` is deprecated. Please use `torch.amp.autocast('cuda', args...)` instead.
  @autocast(enabled = False)
/mnt/petrelfs/zhangtengfei/anaconda3/envs/CT_CLIP_CXRCT_124/lib/python3.9/site-packages/vector_quantize_pytorch/vector_quantize_pytorch.py:391: FutureWarning: `torch.cuda.amp.autocast(args...)` is deprecated. Please use `torch.amp.autocast('cuda', args...)` instead.
  @autocast(enabled = False)
/mnt/petrelfs/zhangtengfei/anaconda3/envs/CT_CLIP_CXRCT_124/lib/python3.9/site-packages/vector_quantize_pytorch/vector_quantize_pytorch.py:261: FutureWarning: `torch.cuda.amp.autocast(args...)` is deprecated. Please use `torch.amp.autocast('cuda', args...)` instead.
  @autocast(enabled = False)
/mnt/petrelfs/zhangtengfei/anaconda3/envs/CT_CLIP_CXRCT_124/lib/python3.9/site-packages/vector_quantize_pytorch/vector_quantize_pytorch.py:391: FutureWarning: `torch.cuda.amp.autocast(args...)` is deprecated. Please use `torch.amp.autocast('cuda', args...)` instead.
  @autocast(enabled = False)
/mnt/petrelfs/zhangtengfei/anaconda3/envs/CT_CLIP_CXRCT_124/lib/python3.9/site-packages/vector_quantize_pytorch/vector_quantize_pytorch.py:261: FutureWarning: `torch.cuda.amp.autocast(args...)` is deprecated. Please use `torch.amp.autocast('cuda', args...)` instead.
  @autocast(enabled = False)
/mnt/petrelfs/zhangtengfei/anaconda3/envs/CT_CLIP_CXRCT_124/lib/python3.9/site-packages/vector_quantize_pytorch/vector_quantize_pytorch.py:391: FutureWarning: `torch.cuda.amp.autocast(args...)` is deprecated. Please use `torch.amp.autocast('cuda', args...)` instead.
  @autocast(enabled = False)
/mnt/petrelfs/zhangtengfei/anaconda3/envs/CT_CLIP_CXRCT_124/lib/python3.9/site-packages/vector_quantize_pytorch/vector_quantize_pytorch.py:261: FutureWarning: `torch.cuda.amp.autocast(args...)` is deprecated. Please use `torch.amp.autocast('cuda', args...)` instead.
  @autocast(enabled = False)
/mnt/petrelfs/zhangtengfei/anaconda3/envs/CT_CLIP_CXRCT_124/lib/python3.9/site-packages/vector_quantize_pytorch/vector_quantize_pytorch.py:391: FutureWarning: `torch.cuda.amp.autocast(args...)` is deprecated. Please use `torch.amp.autocast('cuda', args...)` instead.
  @autocast(enabled = False)
Traceback (most recent call last):
  File "/mnt/petrelfs/zhangtengfei/RadIR/CT-CLIP/CT-Conditional-Image-Retrieval-CXR_CT/scripts/run_train_CXR_CT.py", line 13, in <module>
    from CTCLIPTrainer_CXR_CT import CTClipTrainer
  File "/mnt/petrelfs/zhangtengfei/RadIR/CT-CLIP/CT-Conditional-Image-Retrieval-CXR_CT/scripts/CTCLIPTrainer_CXR_CT.py", line 7, in <module>
    import pynvml
ModuleNotFoundError: No module named 'pynvml'
/mnt/petrelfs/zhangtengfei/anaconda3/envs/CT_CLIP_CXRCT_124/lib/python3.9/site-packages/vector_quantize_pytorch/vector_quantize_pytorch.py:261: FutureWarning: `torch.cuda.amp.autocast(args...)` is deprecated. Please use `torch.amp.autocast('cuda', args...)` instead.
  @autocast(enabled = False)
/mnt/petrelfs/zhangtengfei/anaconda3/envs/CT_CLIP_CXRCT_124/lib/python3.9/site-packages/vector_quantize_pytorch/vector_quantize_pytorch.py:391: FutureWarning: `torch.cuda.amp.autocast(args...)` is deprecated. Please use `torch.amp.autocast('cuda', args...)` instead.
  @autocast(enabled = False)
/mnt/petrelfs/zhangtengfei/anaconda3/envs/CT_CLIP_CXRCT_124/lib/python3.9/site-packages/vector_quantize_pytorch/vector_quantize_pytorch.py:261: FutureWarning: `torch.cuda.amp.autocast(args...)` is deprecated. Please use `torch.amp.autocast('cuda', args...)` instead.
  @autocast(enabled = False)
/mnt/petrelfs/zhangtengfei/anaconda3/envs/CT_CLIP_CXRCT_124/lib/python3.9/site-packages/vector_quantize_pytorch/vector_quantize_pytorch.py:391: FutureWarning: `torch.cuda.amp.autocast(args...)` is deprecated. Please use `torch.amp.autocast('cuda', args...)` instead.
  @autocast(enabled = False)
/mnt/petrelfs/zhangtengfei/anaconda3/envs/CT_CLIP_CXRCT_124/lib/python3.9/site-packages/vector_quantize_pytorch/vector_quantize_pytorch.py:261: FutureWarning: `torch.cuda.amp.autocast(args...)` is deprecated. Please use `torch.amp.autocast('cuda', args...)` instead.
  @autocast(enabled = False)
/mnt/petrelfs/zhangtengfei/anaconda3/envs/CT_CLIP_CXRCT_124/lib/python3.9/site-packages/vector_quantize_pytorch/vector_quantize_pytorch.py:391: FutureWarning: `torch.cuda.amp.autocast(args...)` is deprecated. Please use `torch.amp.autocast('cuda', args...)` instead.
  @autocast(enabled = False)
Traceback (most recent call last):
  File "/mnt/petrelfs/zhangtengfei/RadIR/CT-CLIP/CT-Conditional-Image-Retrieval-CXR_CT/scripts/run_train_CXR_CT.py", line 13, in <module>
    from CTCLIPTrainer_CXR_CT import CTClipTrainer
  File "/mnt/petrelfs/zhangtengfei/RadIR/CT-CLIP/CT-Conditional-Image-Retrieval-CXR_CT/scripts/CTCLIPTrainer_CXR_CT.py", line 7, in <module>
    import pynvml
ModuleNotFoundError: No module named 'pynvml'
Traceback (most recent call last):
  File "/mnt/petrelfs/zhangtengfei/RadIR/CT-CLIP/CT-Conditional-Image-Retrieval-CXR_CT/scripts/run_train_CXR_CT.py", line 13, in <module>
Traceback (most recent call last):
  File "/mnt/petrelfs/zhangtengfei/RadIR/CT-CLIP/CT-Conditional-Image-Retrieval-CXR_CT/scripts/run_train_CXR_CT.py", line 13, in <module>
Traceback (most recent call last):
  File "/mnt/petrelfs/zhangtengfei/RadIR/CT-CLIP/CT-Conditional-Image-Retrieval-CXR_CT/scripts/run_train_CXR_CT.py", line 13, in <module>
    from CTCLIPTrainer_CXR_CT import CTClipTrainer
  File "/mnt/petrelfs/zhangtengfei/RadIR/CT-CLIP/CT-Conditional-Image-Retrieval-CXR_CT/scripts/CTCLIPTrainer_CXR_CT.py", line 7, in <module>
    from CTCLIPTrainer_CXR_CT import CTClipTrainer
  File "/mnt/petrelfs/zhangtengfei/RadIR/CT-CLIP/CT-Conditional-Image-Retrieval-CXR_CT/scripts/CTCLIPTrainer_CXR_CT.py", line 7, in <module>
    import pynvml
ModuleNotFoundError: No module named 'pynvml'
Traceback (most recent call last):
  File "/mnt/petrelfs/zhangtengfei/RadIR/CT-CLIP/CT-Conditional-Image-Retrieval-CXR_CT/scripts/run_train_CXR_CT.py", line 13, in <module>
    from CTCLIPTrainer_CXR_CT import CTClipTrainer
  File "/mnt/petrelfs/zhangtengfei/RadIR/CT-CLIP/CT-Conditional-Image-Retrieval-CXR_CT/scripts/CTCLIPTrainer_CXR_CT.py", line 7, in <module>
    import pynvml
ModuleNotFoundError: No module named 'pynvml'
    from CTCLIPTrainer_CXR_CT import CTClipTrainer
  File "/mnt/petrelfs/zhangtengfei/RadIR/CT-CLIP/CT-Conditional-Image-Retrieval-CXR_CT/scripts/CTCLIPTrainer_CXR_CT.py", line 7, in <module>
    import pynvml
ModuleNotFoundError: No module named 'pynvml'
    import pynvml
ModuleNotFoundError: No module named 'pynvml'
Traceback (most recent call last):
  File "/mnt/petrelfs/zhangtengfei/RadIR/CT-CLIP/CT-Conditional-Image-Retrieval-CXR_CT/scripts/run_train_CXR_CT.py", line 13, in <module>
Traceback (most recent call last):
  File "/mnt/petrelfs/zhangtengfei/RadIR/CT-CLIP/CT-Conditional-Image-Retrieval-CXR_CT/scripts/run_train_CXR_CT.py", line 13, in <module>
    from CTCLIPTrainer_CXR_CT import CTClipTrainer
  File "/mnt/petrelfs/zhangtengfei/RadIR/CT-CLIP/CT-Conditional-Image-Retrieval-CXR_CT/scripts/CTCLIPTrainer_CXR_CT.py", line 7, in <module>
    from CTCLIPTrainer_CXR_CT import CTClipTrainer
  File "/mnt/petrelfs/zhangtengfei/RadIR/CT-CLIP/CT-Conditional-Image-Retrieval-CXR_CT/scripts/CTCLIPTrainer_CXR_CT.py", line 7, in <module>
    import pynvml
ModuleNotFoundError: No module named 'pynvml'
    import pynvml
ModuleNotFoundError: No module named 'pynvml'
Traceback (most recent call last):
  File "/mnt/petrelfs/zhangtengfei/RadIR/CT-CLIP/CT-Conditional-Image-Retrieval-CXR_CT/scripts/run_train_CXR_CT.py", line 13, in <module>
Traceback (most recent call last):
  File "/mnt/petrelfs/zhangtengfei/RadIR/CT-CLIP/CT-Conditional-Image-Retrieval-CXR_CT/scripts/run_train_CXR_CT.py", line 13, in <module>
    from CTCLIPTrainer_CXR_CT import CTClipTrainer
  File "/mnt/petrelfs/zhangtengfei/RadIR/CT-CLIP/CT-Conditional-Image-Retrieval-CXR_CT/scripts/CTCLIPTrainer_CXR_CT.py", line 7, in <module>
    from CTCLIPTrainer_CXR_CT import CTClipTrainer
  File "/mnt/petrelfs/zhangtengfei/RadIR/CT-CLIP/CT-Conditional-Image-Retrieval-CXR_CT/scripts/CTCLIPTrainer_CXR_CT.py", line 7, in <module>
    import pynvml
ModuleNotFoundError: No module named 'pynvml'
    import pynvml
ModuleNotFoundError: No module named 'pynvml'
Traceback (most recent call last):
  File "/mnt/petrelfs/zhangtengfei/RadIR/CT-CLIP/CT-Conditional-Image-Retrieval-CXR_CT/scripts/run_train_CXR_CT.py", line 13, in <module>
    from CTCLIPTrainer_CXR_CT import CTClipTrainer
  File "/mnt/petrelfs/zhangtengfei/RadIR/CT-CLIP/CT-Conditional-Image-Retrieval-CXR_CT/scripts/CTCLIPTrainer_CXR_CT.py", line 7, in <module>
    import pynvml
ModuleNotFoundError: No module named 'pynvml'
Traceback (most recent call last):
  File "/mnt/petrelfs/zhangtengfei/RadIR/CT-CLIP/CT-Conditional-Image-Retrieval-CXR_CT/scripts/run_train_CXR_CT.py", line 13, in <module>
Traceback (most recent call last):
  File "/mnt/petrelfs/zhangtengfei/RadIR/CT-CLIP/CT-Conditional-Image-Retrieval-CXR_CT/scripts/run_train_CXR_CT.py", line 13, in <module>
    from CTCLIPTrainer_CXR_CT import CTClipTrainer
  File "/mnt/petrelfs/zhangtengfei/RadIR/CT-CLIP/CT-Conditional-Image-Retrieval-CXR_CT/scripts/CTCLIPTrainer_CXR_CT.py", line 7, in <module>
Traceback (most recent call last):
  File "/mnt/petrelfs/zhangtengfei/RadIR/CT-CLIP/CT-Conditional-Image-Retrieval-CXR_CT/scripts/run_train_CXR_CT.py", line 13, in <module>
    from CTCLIPTrainer_CXR_CT import CTClipTrainer
  File "/mnt/petrelfs/zhangtengfei/RadIR/CT-CLIP/CT-Conditional-Image-Retrieval-CXR_CT/scripts/CTCLIPTrainer_CXR_CT.py", line 7, in <module>
    import pynvml
ModuleNotFoundError: No module named 'pynvml'
    from CTCLIPTrainer_CXR_CT import CTClipTrainer
  File "/mnt/petrelfs/zhangtengfei/RadIR/CT-CLIP/CT-Conditional-Image-Retrieval-CXR_CT/scripts/CTCLIPTrainer_CXR_CT.py", line 7, in <module>
    import pynvml
ModuleNotFoundError: No module named 'pynvml'
    import pynvml
ModuleNotFoundError: No module named 'pynvml'
W0729 18:33:33.030653 95707 site-packages/torch/distributed/elastic/multiprocessing/api.py:897] Sending process 98359 closing signal SIGTERM
W0729 18:33:33.032628 95707 site-packages/torch/distributed/elastic/multiprocessing/api.py:897] Sending process 98367 closing signal SIGTERM
E0729 18:33:33.096760 95707 site-packages/torch/distributed/elastic/multiprocessing/api.py:869] failed (exitcode: 1) local_rank: 0 (pid: 98354) of binary: /mnt/petrelfs/zhangtengfei/anaconda3/envs/CT_CLIP_CXRCT_124/bin/python3.9
Traceback (most recent call last):
  File "/mnt/petrelfs/zhangtengfei/anaconda3/envs/CT_CLIP_CXRCT_124/bin/accelerate", line 8, in <module>
    sys.exit(main())
  File "/mnt/petrelfs/zhangtengfei/anaconda3/envs/CT_CLIP_CXRCT_124/lib/python3.9/site-packages/accelerate/commands/accelerate_cli.py", line 50, in main
    args.func(args)
  File "/mnt/petrelfs/zhangtengfei/anaconda3/envs/CT_CLIP_CXRCT_124/lib/python3.9/site-packages/accelerate/commands/launch.py", line 1190, in launch_command
    multi_gpu_launcher(args)
  File "/mnt/petrelfs/zhangtengfei/anaconda3/envs/CT_CLIP_CXRCT_124/lib/python3.9/site-packages/accelerate/commands/launch.py", line 815, in multi_gpu_launcher
    distrib_run.run(args)
  File "/mnt/petrelfs/zhangtengfei/anaconda3/envs/CT_CLIP_CXRCT_124/lib/python3.9/site-packages/torch/distributed/run.py", line 909, in run
    elastic_launch(
  File "/mnt/petrelfs/zhangtengfei/anaconda3/envs/CT_CLIP_CXRCT_124/lib/python3.9/site-packages/torch/distributed/launcher/api.py", line 138, in __call__
    return launch_agent(self._config, self._entrypoint, list(args))
  File "/mnt/petrelfs/zhangtengfei/anaconda3/envs/CT_CLIP_CXRCT_124/lib/python3.9/site-packages/torch/distributed/launcher/api.py", line 269, in launch_agent
    raise ChildFailedError(
torch.distributed.elastic.multiprocessing.errors.ChildFailedError: 
============================================================
/mnt/petrelfs/zhangtengfei/RadIR/CT-CLIP/CT-Conditional-Image-Retrieval-CXR_CT/scripts/run_train_CXR_CT.py FAILED
------------------------------------------------------------
Failures:
[1]:
  time      : 2025-07-29_18:33:33
  host      : SH-IDCA1404-10-140-54-65
  rank      : 2 (local_rank: 2)
  exitcode  : 1 (pid: 98364)
  error_file: <N/A>
  traceback : To enable traceback see: https://pytorch.org/docs/stable/elastic/errors.html
------------------------------------------------------------
Root Cause (first observed failure):
[0]:
  time      : 2025-07-29_18:33:33
  host      : SH-IDCA1404-10-140-54-65
  rank      : 0 (local_rank: 0)
  exitcode  : 1 (pid: 98354)
  error_file: <N/A>
  traceback : To enable traceback see: https://pytorch.org/docs/stable/elastic/errors.html
============================================================
W0729 18:33:33.230978 95710 site-packages/torch/distributed/elastic/multiprocessing/api.py:897] Sending process 98358 closing signal SIGTERM
W0729 18:33:33.233396 95710 site-packages/torch/distributed/elastic/multiprocessing/api.py:897] Sending process 98363 closing signal SIGTERM
W0729 18:33:33.233937 95710 site-packages/torch/distributed/elastic/multiprocessing/api.py:897] Sending process 98368 closing signal SIGTERM
E0729 18:33:33.298066 95710 site-packages/torch/distributed/elastic/multiprocessing/api.py:869] failed (exitcode: 1) local_rank: 0 (pid: 98355) of binary: /mnt/petrelfs/zhangtengfei/anaconda3/envs/CT_CLIP_CXRCT_124/bin/python3.9
Traceback (most recent call last):
  File "/mnt/petrelfs/zhangtengfei/anaconda3/envs/CT_CLIP_CXRCT_124/bin/accelerate", line 8, in <module>
    sys.exit(main())
  File "/mnt/petrelfs/zhangtengfei/anaconda3/envs/CT_CLIP_CXRCT_124/lib/python3.9/site-packages/accelerate/commands/accelerate_cli.py", line 50, in main
    args.func(args)
  File "/mnt/petrelfs/zhangtengfei/anaconda3/envs/CT_CLIP_CXRCT_124/lib/python3.9/site-packages/accelerate/commands/launch.py", line 1190, in launch_command
    multi_gpu_launcher(args)
  File "/mnt/petrelfs/zhangtengfei/anaconda3/envs/CT_CLIP_CXRCT_124/lib/python3.9/site-packages/accelerate/commands/launch.py", line 815, in multi_gpu_launcher
    distrib_run.run(args)
  File "/mnt/petrelfs/zhangtengfei/anaconda3/envs/CT_CLIP_CXRCT_124/lib/python3.9/site-packages/torch/distributed/run.py", line 909, in run
    elastic_launch(
  File "/mnt/petrelfs/zhangtengfei/anaconda3/envs/CT_CLIP_CXRCT_124/lib/python3.9/site-packages/torch/distributed/launcher/api.py", line 138, in __call__
    return launch_agent(self._config, self._entrypoint, list(args))
  File "/mnt/petrelfs/zhangtengfei/anaconda3/envs/CT_CLIP_CXRCT_124/lib/python3.9/site-packages/torch/distributed/launcher/api.py", line 269, in launch_agent
    raise ChildFailedError(
torch.distributed.elastic.multiprocessing.errors.ChildFailedError: 
============================================================
/mnt/petrelfs/zhangtengfei/RadIR/CT-CLIP/CT-Conditional-Image-Retrieval-CXR_CT/scripts/run_train_CXR_CT.py FAILED
------------------------------------------------------------
Failures:
  <NO_OTHER_FAILURES>
------------------------------------------------------------
Root Cause (first observed failure):
[0]:
  time      : 2025-07-29_18:33:33
  host      : SH-IDCA1404-10-140-54-65
  rank      : 0 (local_rank: 0)
  exitcode  : 1 (pid: 98355)
  error_file: <N/A>
  traceback : To enable traceback see: https://pytorch.org/docs/stable/elastic/errors.html
============================================================
W0729 18:33:33.532374 95709 site-packages/torch/distributed/elastic/multiprocessing/api.py:897] Sending process 98356 closing signal SIGTERM
W0729 18:33:33.533550 95709 site-packages/torch/distributed/elastic/multiprocessing/api.py:897] Sending process 98365 closing signal SIGTERM
W0729 18:33:33.534207 95709 site-packages/torch/distributed/elastic/multiprocessing/api.py:897] Sending process 98369 closing signal SIGTERM
E0729 18:33:33.584330 95708 site-packages/torch/distributed/elastic/multiprocessing/api.py:869] failed (exitcode: 1) local_rank: 0 (pid: 98362) of binary: /mnt/petrelfs/zhangtengfei/anaconda3/envs/CT_CLIP_CXRCT_124/bin/python3.9
Traceback (most recent call last):
  File "/mnt/petrelfs/zhangtengfei/anaconda3/envs/CT_CLIP_CXRCT_124/bin/accelerate", line 8, in <module>
    sys.exit(main())
  File "/mnt/petrelfs/zhangtengfei/anaconda3/envs/CT_CLIP_CXRCT_124/lib/python3.9/site-packages/accelerate/commands/accelerate_cli.py", line 50, in main
    args.func(args)
  File "/mnt/petrelfs/zhangtengfei/anaconda3/envs/CT_CLIP_CXRCT_124/lib/python3.9/site-packages/accelerate/commands/launch.py", line 1190, in launch_command
    multi_gpu_launcher(args)
  File "/mnt/petrelfs/zhangtengfei/anaconda3/envs/CT_CLIP_CXRCT_124/lib/python3.9/site-packages/accelerate/commands/launch.py", line 815, in multi_gpu_launcher
    distrib_run.run(args)
  File "/mnt/petrelfs/zhangtengfei/anaconda3/envs/CT_CLIP_CXRCT_124/lib/python3.9/site-packages/torch/distributed/run.py", line 909, in run
    elastic_launch(
  File "/mnt/petrelfs/zhangtengfei/anaconda3/envs/CT_CLIP_CXRCT_124/lib/python3.9/site-packages/torch/distributed/launcher/api.py", line 138, in __call__
    return launch_agent(self._config, self._entrypoint, list(args))
  File "/mnt/petrelfs/zhangtengfei/anaconda3/envs/CT_CLIP_CXRCT_124/lib/python3.9/site-packages/torch/distributed/launcher/api.py", line 269, in launch_agent
    raise ChildFailedError(
torch.distributed.elastic.multiprocessing.errors.ChildFailedError: 
============================================================
/mnt/petrelfs/zhangtengfei/RadIR/CT-CLIP/CT-Conditional-Image-Retrieval-CXR_CT/scripts/run_train_CXR_CT.py FAILED
------------------------------------------------------------
Failures:
[1]:
  time      : 2025-07-29_18:33:33
  host      : SH-IDCA1404-10-140-54-65
  rank      : 1 (local_rank: 1)
  exitcode  : 1 (pid: 98366)
  error_file: <N/A>
  traceback : To enable traceback see: https://pytorch.org/docs/stable/elastic/errors.html
[2]:
  time      : 2025-07-29_18:33:33
  host      : SH-IDCA1404-10-140-54-65
  rank      : 2 (local_rank: 2)
  exitcode  : 1 (pid: 98371)
  error_file: <N/A>
  traceback : To enable traceback see: https://pytorch.org/docs/stable/elastic/errors.html
[3]:
  time      : 2025-07-29_18:33:33
  host      : SH-IDCA1404-10-140-54-65
  rank      : 3 (local_rank: 3)
  exitcode  : 1 (pid: 98374)
  error_file: <N/A>
  traceback : To enable traceback see: https://pytorch.org/docs/stable/elastic/errors.html
------------------------------------------------------------
Root Cause (first observed failure):
[0]:
  time      : 2025-07-29_18:33:33
  host      : SH-IDCA1404-10-140-54-65
  rank      : 0 (local_rank: 0)
  exitcode  : 1 (pid: 98362)
  error_file: <N/A>
  traceback : To enable traceback see: https://pytorch.org/docs/stable/elastic/errors.html
============================================================
E0729 18:33:33.601718 95709 site-packages/torch/distributed/elastic/multiprocessing/api.py:869] failed (exitcode: 1) local_rank: 1 (pid: 98360) of binary: /mnt/petrelfs/zhangtengfei/anaconda3/envs/CT_CLIP_CXRCT_124/bin/python3.9
Traceback (most recent call last):
  File "/mnt/petrelfs/zhangtengfei/anaconda3/envs/CT_CLIP_CXRCT_124/bin/accelerate", line 8, in <module>
    sys.exit(main())
  File "/mnt/petrelfs/zhangtengfei/anaconda3/envs/CT_CLIP_CXRCT_124/lib/python3.9/site-packages/accelerate/commands/accelerate_cli.py", line 50, in main
    args.func(args)
  File "/mnt/petrelfs/zhangtengfei/anaconda3/envs/CT_CLIP_CXRCT_124/lib/python3.9/site-packages/accelerate/commands/launch.py", line 1190, in launch_command
    multi_gpu_launcher(args)
  File "/mnt/petrelfs/zhangtengfei/anaconda3/envs/CT_CLIP_CXRCT_124/lib/python3.9/site-packages/accelerate/commands/launch.py", line 815, in multi_gpu_launcher
    distrib_run.run(args)
  File "/mnt/petrelfs/zhangtengfei/anaconda3/envs/CT_CLIP_CXRCT_124/lib/python3.9/site-packages/torch/distributed/run.py", line 909, in run
    elastic_launch(
  File "/mnt/petrelfs/zhangtengfei/anaconda3/envs/CT_CLIP_CXRCT_124/lib/python3.9/site-packages/torch/distributed/launcher/api.py", line 138, in __call__
    return launch_agent(self._config, self._entrypoint, list(args))
  File "/mnt/petrelfs/zhangtengfei/anaconda3/envs/CT_CLIP_CXRCT_124/lib/python3.9/site-packages/torch/distributed/launcher/api.py", line 269, in launch_agent
    raise ChildFailedError(
torch.distributed.elastic.multiprocessing.errors.ChildFailedError: 
============================================================
/mnt/petrelfs/zhangtengfei/RadIR/CT-CLIP/CT-Conditional-Image-Retrieval-CXR_CT/scripts/run_train_CXR_CT.py FAILED
------------------------------------------------------------
Failures:
  <NO_OTHER_FAILURES>
------------------------------------------------------------
Root Cause (first observed failure):
[0]:
  time      : 2025-07-29_18:33:33
  host      : SH-IDCA1404-10-140-54-65
  rank      : 1 (local_rank: 1)
  exitcode  : 1 (pid: 98360)
  error_file: <N/A>
  traceback : To enable traceback see: https://pytorch.org/docs/stable/elastic/errors.html
============================================================
srun: error: SH-IDCA1404-10-140-54-65: task 1: Exited with exit code 1
srun: error: SH-IDCA1404-10-140-54-65: task 2: Exited with exit code 1
srun: error: SH-IDCA1404-10-140-54-65: task 3: Exited with exit code 1
srun: error: SH-IDCA1404-10-140-54-65: task 0: Exited with exit code 1
